edu/upc/subgrupprop113/supermarketmanager/models/Admin.class
edu/upc/subgrupprop113/supermarketmanager/services/BruteForce.class
edu/upc/subgrupprop113/supermarketmanager/models/User.class
edu/upc/subgrupprop113/supermarketmanager/models/Catalog.class
edu/upc/subgrupprop113/supermarketmanager/utils/RelatedProductSerializer.class
edu/upc/subgrupprop113/supermarketmanager/controllers/DomainController.class
edu/upc/subgrupprop113/supermarketmanager/services/OrderingStrategy.class
edu/upc/subgrupprop113/supermarketmanager/models/Employee.class
edu/upc/subgrupprop113/supermarketmanager/models/Supermarket.class
edu/upc/subgrupprop113/supermarketmanager/controllers/LogInController.class
edu/upc/subgrupprop113/supermarketmanager/utils/HelperFunctions.class
module-info.class
edu/upc/subgrupprop113/supermarketmanager/services/ExportFileJSON.class
edu/upc/subgrupprop113/supermarketmanager/models/Product.class
edu/upc/subgrupprop113/supermarketmanager/services/ExportFileStrategy.class
edu/upc/subgrupprop113/supermarketmanager/models/ShelvingUnit.class
edu/upc/subgrupprop113/supermarketmanager/services/Approximation.class
edu/upc/subgrupprop113/supermarketmanager/services/ImportFileJSON.class
edu/upc/subgrupprop113/supermarketmanager/models/ProductTemperature.class
edu/upc/subgrupprop113/supermarketmanager/DomainControllerDriver.class
edu/upc/subgrupprop113/supermarketmanager/services/GreedyBacktracking.class
edu/upc/subgrupprop113/supermarketmanager/services/ImportFileStrategy.class
edu/upc/subgrupprop113/supermarketmanager/models/RelatedProduct.class
edu/upc/subgrupprop113/supermarketmanager/Main.class
edu/upc/subgrupprop113/supermarketmanager/models/SupermarketData.class
