edu/upc/subgrupprop113/supermarketmanager/SupermarketData.class
edu/upc/subgrupprop113/supermarketmanager/Employee.class
edu/upc/subgrupprop113/supermarketmanager/BruteForce.class
edu/upc/subgrupprop113/supermarketmanager/Approximation.class
edu/upc/subgrupprop113/supermarketmanager/Catalog.class
edu/upc/subgrupprop113/supermarketmanager/OrderingStrategy.class
edu/upc/subgrupprop113/supermarketmanager/RelatedProductSerializer.class
edu/upc/subgrupprop113/supermarketmanager/GreedyBacktracking.class
module-info.class
edu/upc/subgrupprop113/supermarketmanager/DomainController.class
edu/upc/subgrupprop113/supermarketmanager/ExportFileStrategy.class
edu/upc/subgrupprop113/supermarketmanager/ShelvingUnit.class
edu/upc/subgrupprop113/supermarketmanager/Admin.class
edu/upc/subgrupprop113/supermarketmanager/Product.class
edu/upc/subgrupprop113/supermarketmanager/ImportFileJSON.class
edu/upc/subgrupprop113/supermarketmanager/Supermarket.class
edu/upc/subgrupprop113/supermarketmanager/ExportFileJSON.class
edu/upc/subgrupprop113/supermarketmanager/DomainControllerDriver.class
edu/upc/subgrupprop113/supermarketmanager/ImportFileStrategy.class
edu/upc/subgrupprop113/supermarketmanager/ProductTemperature.class
edu/upc/subgrupprop113/supermarketmanager/User.class
edu/upc/subgrupprop113/supermarketmanager/HelperFunctions.class
edu/upc/subgrupprop113/supermarketmanager/RelatedProduct.class
