/home/alex/Documents/UPC/PROP/subgrup-prop11.3/FONTS/src/main/java/edu/upc/subgrupprop113/supermarketmanager/DomainControllerDriver.java
/home/alex/Documents/UPC/PROP/subgrup-prop11.3/FONTS/src/main/java/edu/upc/subgrupprop113/supermarketmanager/Main.java
/home/alex/Documents/UPC/PROP/subgrup-prop11.3/FONTS/src/main/java/edu/upc/subgrupprop113/supermarketmanager/controllers/DomainController.java
/home/alex/Documents/UPC/PROP/subgrup-prop11.3/FONTS/src/main/java/edu/upc/subgrupprop113/supermarketmanager/controllers/LogInController.java
/home/alex/Documents/UPC/PROP/subgrup-prop11.3/FONTS/src/main/java/edu/upc/subgrupprop113/supermarketmanager/models/Admin.java
/home/alex/Documents/UPC/PROP/subgrup-prop11.3/FONTS/src/main/java/edu/upc/subgrupprop113/supermarketmanager/models/Catalog.java
/home/alex/Documents/UPC/PROP/subgrup-prop11.3/FONTS/src/main/java/edu/upc/subgrupprop113/supermarketmanager/models/Employee.java
/home/alex/Documents/UPC/PROP/subgrup-prop11.3/FONTS/src/main/java/edu/upc/subgrupprop113/supermarketmanager/models/Product.java
/home/alex/Documents/UPC/PROP/subgrup-prop11.3/FONTS/src/main/java/edu/upc/subgrupprop113/supermarketmanager/models/ProductTemperature.java
/home/alex/Documents/UPC/PROP/subgrup-prop11.3/FONTS/src/main/java/edu/upc/subgrupprop113/supermarketmanager/models/RelatedProduct.java
/home/alex/Documents/UPC/PROP/subgrup-prop11.3/FONTS/src/main/java/edu/upc/subgrupprop113/supermarketmanager/models/ShelvingUnit.java
/home/alex/Documents/UPC/PROP/subgrup-prop11.3/FONTS/src/main/java/edu/upc/subgrupprop113/supermarketmanager/models/Supermarket.java
/home/alex/Documents/UPC/PROP/subgrup-prop11.3/FONTS/src/main/java/edu/upc/subgrupprop113/supermarketmanager/models/SupermarketData.java
/home/alex/Documents/UPC/PROP/subgrup-prop11.3/FONTS/src/main/java/edu/upc/subgrupprop113/supermarketmanager/models/User.java
/home/alex/Documents/UPC/PROP/subgrup-prop11.3/FONTS/src/main/java/edu/upc/subgrupprop113/supermarketmanager/services/Approximation.java
/home/alex/Documents/UPC/PROP/subgrup-prop11.3/FONTS/src/main/java/edu/upc/subgrupprop113/supermarketmanager/services/BruteForce.java
/home/alex/Documents/UPC/PROP/subgrup-prop11.3/FONTS/src/main/java/edu/upc/subgrupprop113/supermarketmanager/services/ExportFileJSON.java
/home/alex/Documents/UPC/PROP/subgrup-prop11.3/FONTS/src/main/java/edu/upc/subgrupprop113/supermarketmanager/services/ExportFileStrategy.java
/home/alex/Documents/UPC/PROP/subgrup-prop11.3/FONTS/src/main/java/edu/upc/subgrupprop113/supermarketmanager/services/GreedyBacktracking.java
/home/alex/Documents/UPC/PROP/subgrup-prop11.3/FONTS/src/main/java/edu/upc/subgrupprop113/supermarketmanager/services/ImportFileJSON.java
/home/alex/Documents/UPC/PROP/subgrup-prop11.3/FONTS/src/main/java/edu/upc/subgrupprop113/supermarketmanager/services/ImportFileStrategy.java
/home/alex/Documents/UPC/PROP/subgrup-prop11.3/FONTS/src/main/java/edu/upc/subgrupprop113/supermarketmanager/services/OrderingStrategy.java
/home/alex/Documents/UPC/PROP/subgrup-prop11.3/FONTS/src/main/java/edu/upc/subgrupprop113/supermarketmanager/utils/HelperFunctions.java
/home/alex/Documents/UPC/PROP/subgrup-prop11.3/FONTS/src/main/java/edu/upc/subgrupprop113/supermarketmanager/utils/RelatedProductSerializer.java
/home/alex/Documents/UPC/PROP/subgrup-prop11.3/FONTS/src/main/java/module-info.java
