/mnt/c/Users/guill/OneDrive/UPC-FIB/2024-25/PROP/subgrup-prop11.3/FONTS/src/main/java/edu/upc/subgrupprop113/supermarketmanager/Admin.java
/mnt/c/Users/guill/OneDrive/UPC-FIB/2024-25/PROP/subgrup-prop11.3/FONTS/src/main/java/edu/upc/subgrupprop113/supermarketmanager/Approximation.java
/mnt/c/Users/guill/OneDrive/UPC-FIB/2024-25/PROP/subgrup-prop11.3/FONTS/src/main/java/edu/upc/subgrupprop113/supermarketmanager/BruteForce.java
/mnt/c/Users/guill/OneDrive/UPC-FIB/2024-25/PROP/subgrup-prop11.3/FONTS/src/main/java/edu/upc/subgrupprop113/supermarketmanager/Catalog.java
/mnt/c/Users/guill/OneDrive/UPC-FIB/2024-25/PROP/subgrup-prop11.3/FONTS/src/main/java/edu/upc/subgrupprop113/supermarketmanager/DomainController.java
/mnt/c/Users/guill/OneDrive/UPC-FIB/2024-25/PROP/subgrup-prop11.3/FONTS/src/main/java/edu/upc/subgrupprop113/supermarketmanager/DomainControllerDriver.java
/mnt/c/Users/guill/OneDrive/UPC-FIB/2024-25/PROP/subgrup-prop11.3/FONTS/src/main/java/edu/upc/subgrupprop113/supermarketmanager/Employee.java
/mnt/c/Users/guill/OneDrive/UPC-FIB/2024-25/PROP/subgrup-prop11.3/FONTS/src/main/java/edu/upc/subgrupprop113/supermarketmanager/ExportFileJSON.java
/mnt/c/Users/guill/OneDrive/UPC-FIB/2024-25/PROP/subgrup-prop11.3/FONTS/src/main/java/edu/upc/subgrupprop113/supermarketmanager/ExportFileStrategy.java
/mnt/c/Users/guill/OneDrive/UPC-FIB/2024-25/PROP/subgrup-prop11.3/FONTS/src/main/java/edu/upc/subgrupprop113/supermarketmanager/GreedyBacktracking.java
/mnt/c/Users/guill/OneDrive/UPC-FIB/2024-25/PROP/subgrup-prop11.3/FONTS/src/main/java/edu/upc/subgrupprop113/supermarketmanager/HelperFunctions.java
/mnt/c/Users/guill/OneDrive/UPC-FIB/2024-25/PROP/subgrup-prop11.3/FONTS/src/main/java/edu/upc/subgrupprop113/supermarketmanager/ImportFileJSON.java
/mnt/c/Users/guill/OneDrive/UPC-FIB/2024-25/PROP/subgrup-prop11.3/FONTS/src/main/java/edu/upc/subgrupprop113/supermarketmanager/ImportFileStrategy.java
/mnt/c/Users/guill/OneDrive/UPC-FIB/2024-25/PROP/subgrup-prop11.3/FONTS/src/main/java/edu/upc/subgrupprop113/supermarketmanager/OrderingStrategy.java
/mnt/c/Users/guill/OneDrive/UPC-FIB/2024-25/PROP/subgrup-prop11.3/FONTS/src/main/java/edu/upc/subgrupprop113/supermarketmanager/Product.java
/mnt/c/Users/guill/OneDrive/UPC-FIB/2024-25/PROP/subgrup-prop11.3/FONTS/src/main/java/edu/upc/subgrupprop113/supermarketmanager/ProductTemperature.java
/mnt/c/Users/guill/OneDrive/UPC-FIB/2024-25/PROP/subgrup-prop11.3/FONTS/src/main/java/edu/upc/subgrupprop113/supermarketmanager/RelatedProduct.java
/mnt/c/Users/guill/OneDrive/UPC-FIB/2024-25/PROP/subgrup-prop11.3/FONTS/src/main/java/edu/upc/subgrupprop113/supermarketmanager/RelatedProductSerializer.java
/mnt/c/Users/guill/OneDrive/UPC-FIB/2024-25/PROP/subgrup-prop11.3/FONTS/src/main/java/edu/upc/subgrupprop113/supermarketmanager/ShelvingUnit.java
/mnt/c/Users/guill/OneDrive/UPC-FIB/2024-25/PROP/subgrup-prop11.3/FONTS/src/main/java/edu/upc/subgrupprop113/supermarketmanager/Supermarket.java
/mnt/c/Users/guill/OneDrive/UPC-FIB/2024-25/PROP/subgrup-prop11.3/FONTS/src/main/java/edu/upc/subgrupprop113/supermarketmanager/SupermarketData.java
/mnt/c/Users/guill/OneDrive/UPC-FIB/2024-25/PROP/subgrup-prop11.3/FONTS/src/main/java/edu/upc/subgrupprop113/supermarketmanager/User.java
/mnt/c/Users/guill/OneDrive/UPC-FIB/2024-25/PROP/subgrup-prop11.3/FONTS/src/main/java/module-info.java
